libbrotli1_1.0.2-2~wallarm6_amd64.deb
libconfig9_1.4.9-2_amd64.deb
libcpire_0.4.2-1_amd64.deb
libdbi1_0.9.0-1_amd64.deb
libdetection1_1.1.0-1_amd64.deb
libesmtp6_1.0.6-1ubuntu2_amd64.deb
libhubbub_0.3.3+wallarm3-1_amd64.deb
liblmdb0_0.9.18-5_amd64.deb
libmcrypt4_2.5.8-3.1ubuntu1_amd64.deb
libparserutils_0.2.3-5_amd64.deb
libproton212_2.12.8_amd64.deb
librrd4_1.4.7-2ubuntu5_amd64.deb
libtws0_0.0.6_amd64.deb
libunwind8_1.1-2.2ubuntu3_amd64.deb
libwacl_1.0.4_amd64.deb
libwlog_1.1.1_amd64.deb
libwpire_0.0.5+git20180504-1_amd64.deb
libwyajl2_2.0.4+w3-1_amd64.deb
libyajl2_2.0.4-4_amd64.deb
nagios-plugins-common_1.5-3ubuntu1_amd64.deb
nginx-module-wallarm-heroku_2.12.1-1+heroku2_amd64.deb
python-crypto_2.6.1-4ubuntu0.3_amd64.deb
python-mcrypt_1.1-4_amd64.deb
python-msgpack_0.4.2-1~ubuntu14.04.1_amd64.deb
python-nsca_1%3a1.6a+fbe7965-2_all.deb
python-nscang_1.2-1_amd64.deb
python-tarantool16_0.5.1-1_all.deb
python-yaml_3.10-4ubuntu0.1_amd64.deb
ruby-hashie_2.0.3-1_all.deb
ruby-highline_1.6.20-1_all.deb
ruby-json_1.8.0-1build1_amd64.deb
ruby-mime-types_1.25-1_all.deb
ruby-msgpack_0.6.2-2_amd64.deb
ruby-murmurhash3_0.1.4-4_amd64.deb
ruby-parser-generator_0.3.3-1_all.deb
ruby-proton_2.12.8_amd64.deb
ruby-rest-client_1.6.7-4_all.deb
ruby-tarantool16_0.0.7-1_all.deb
ruby-thread_0.1.4+20140502+7e91ca4-3_all.deb
ruby-wallarm-api_2.12.2_all.deb
tarantool-common_1.9.2.7.g3736c37-1_all.deb
tarantool_1.9.2.7.g3736c37-1_amd64.deb
wallarm-collectd-core_5.4.1-12_amd64.deb
wallarm-collectd_5.4.1-12_amd64.deb
wallarm-common_2.12.2_all.deb
wallarm-monitoring_2.12.2_all.deb
wallarm-node-nginx_2.12.2_all.deb
wallarm-node-tarantool_2.12.2_all.deb
wallarm-node_2.12.2_all.deb
wallarm-tarantool_1.12.0-1_amd64.deb
